// Jest Snapshot v1, https://goo.gl/fbAQLP

exports[`PersonForm should be rendered 1`] = `
<DocumentFragment>
  <form
    action="#"
  >
    <div
      class="MuiFormControl-root MuiTextField-root"
      data-testid="personName"
    >
      <label
        class="MuiFormLabel-root MuiInputLabel-root MuiInputLabel-formControl MuiInputLabel-animated MuiInputLabel-filled"
        data-shrink="false"
      >
        Name
      </label>
      <div
        class="MuiInputBase-root MuiFilledInput-root MuiFilledInput-underline MuiInputBase-formControl"
      >
        <input
          aria-invalid="false"
          class="MuiInputBase-input MuiFilledInput-input"
          name="personName"
          placeholder="Name"
          type="text"
          value=""
        />
      </div>
      <p
        class="MuiFormHelperText-root MuiFormHelperText-contained"
      >
        Name of this person
      </p>
    </div>
    <button
      class="MuiButtonBase-root MuiButton-root MuiButton-text Mui-disabled Mui-disabled"
      disabled=""
      tabindex="-1"
      type="submit"
    >
      <span
        class="MuiButton-label"
      >
        Save
      </span>
    </button>
  </form>
</DocumentFragment>
`;
